[list] https://www.saudijobs.in/index?page=1
[WROTE] {"title":"Long Term Project Civil Supervisor","category":"Civil Engineering","location":"Saudi Arabia","email":null,"emails":[]}
[WROTE] {"title":"Fresh Graduate Electrical Site Engineer Mechanical Site Engineer","category":"Mechanical (MEP)","location":"Saudi Arabia","email":"mohammadk.amran5kam@gmail.com","emails":["mohammadk.amran5kam@gmail.com"]}
[WROTE] {"title":"Testing","category":"Other","location":"Saudi Arabia","email":"jobs.arc2025@gmail.com","emails":["jobs.arc2025@gmail.com"]}
[WROTE] {"title":"Environment Coordinator Or Engineer (hse)","category":"HSE & Safety","location":"Saudi Arabia","email":"shahbazali06988@gmail.com","emails":["shahbazali06988@gmail.com"]}
[WROTE] {"title":"Commissioning Engineer Urgently","category":"Other","location":"Saudi Arabia","email":"cv.alghat@gmail.com","emails":["cv.alghat@gmail.com"]}
[WROTE] {"title":"Project Manager Required In Saudi","category":"Project Management","location":"Saudi Arabia","email":"iabdulkarim@sracohr.com","emails":["iabdulkarim@sracohr.com"]}
[WROTE] {"title":"Job Opportunity: Work Permit Receiver","category":"Other","location":"Saudi Arabia","email":"mohammadmaheen3@gmail.com","emails":["mohammadmaheen3@gmail.com"]}
[WROTE] {"title":"Woodworking Factory Supervisor Required In Saudi","category":"Other","location":"Saudi Arabia","email":"info@ithracc.com","emails":["info@ithracc.com"]}
[WROTE] {"title":"Site Engineer Required In Saudi","category":"Other","location":"Saudi Arabia","email":"job@ais.sa","emails":["job@ais.sa"]}
[WROTE] {"title":"Project Manager Civil Engineer Required In Saudi","category":"Project Management","location":"Saudi Arabia","email":"Kshahanshah52@gmail.com","emails":["Kshahanshah52@gmail.com"]}
[WROTE] {"title":"Project Engineer Civil Construction (only Hotel And High Rise Building Experience )","category":"Civil Engineering","location":"Saudi Arabia","email":"hrmhcm.gulf@gmail.com","emails":["hrmhcm.gulf@gmail.com"]}
[WROTE] {"title":"Urgent Requirment Planning Engineer","category":"Planning","location":"Saudi Arabia","email":null,"emails":[]}
[WROTE] {"title":"Civil Engineer Required In Saudi","category":"Civil Engineering","location":"Saudi Arabia","email":"sanadunitedest@gmail.com","emails":["sanadunitedest@gmail.com"]}
[WROTE] {"title":"Safety Engineer Required In Saudi","category":"HSE & Safety","location":"Saudi Arabia","email":"sanadunitedest@gmail.com","emails":["sanadunitedest@gmail.com"]}
[WROTE] {"title":"We Have Urgent Requirement For Civil Site Supervisor / Engineer.","category":"Civil Engineering","location":"Saudi Arabia","email":"careersksa41@gmail.com","emails":["careersksa41@gmail.com"]}
[RapidApply SA] Done. found=15, errors=0
