[RapidApply SA] Starting scraper: pages=2, pauseMs=350
[list] https://www.saudijobs.in/index?page=1
[WROTE] {"title":"SAUDI JOBS","category":"HSE & Safety","location":"Saudi Arabia","email":null}
[WROTE] {"title":"SAUDI JOBS","category":"HSE & Safety","location":"Saudi Arabia","email":null}
[WROTE] {"title":"SAUDI JOBS","category":"HSE & Safety","location":"Saudi Arabia","email":null}
[WROTE] {"title":"SAUDI JOBS","category":"HSE & Safety","location":"Saudi Arabia","email":null}
[WROTE] {"title":"SAUDI JOBS","category":"HSE & Safety","location":"Saudi Arabia","email":null}
[WROTE] {"title":"SAUDI JOBS","category":"HSE & Safety","location":"Saudi Arabia","email":null}
[WROTE] {"title":"SAUDI JOBS","category":"HSE & Safety","location":"Saudi Arabia","email":null}
[WROTE] {"title":"SAUDI JOBS","category":"HSE & Safety","location":"Saudi Arabia","email":null}
[WROTE] {"title":"SAUDI JOBS","category":"HSE & Safety","location":"Saudi Arabia","email":null}
[WROTE] {"title":"SAUDI JOBS","category":"HSE & Safety","location":"Saudi Arabia","email":null}
[WROTE] {"title":"SAUDI JOBS","category":"HSE & Safety","location":"Saudi Arabia","email":null}
[WROTE] {"title":"SAUDI JOBS","category":"HSE & Safety","location":"Saudi Arabia","email":null}
[WROTE] {"title":"SAUDI JOBS","category":"HSE & Safety","location":"Saudi Arabia","email":null}
[WROTE] {"title":"SAUDI JOBS","category":"HSE & Safety","location":"Saudi Arabia","email":null}
[WROTE] {"title":"SAUDI JOBS","category":"HSE & Safety","location":"Saudi Arabia","email":null}
[list] https://www.saudijobs.in/index?page=2
[WROTE] {"title":"SAUDI JOBS","category":"HSE & Safety","location":"Saudi Arabia","email":null}
[WROTE] {"title":"SAUDI JOBS","category":"HSE & Safety","location":"Saudi Arabia","email":null}
[WROTE] {"title":"SAUDI JOBS","category":"HSE & Safety","location":"Saudi Arabia","email":null}
[WROTE] {"title":"SAUDI JOBS","category":"HSE & Safety","location":"Saudi Arabia","email":null}
[WROTE] {"title":"SAUDI JOBS","category":"HSE & Safety","location":"Saudi Arabia","email":null}
[WROTE] {"title":"SAUDI JOBS","category":"HSE & Safety","location":"Saudi Arabia","email":null}
[WROTE] {"title":"SAUDI JOBS","category":"HSE & Safety","location":"Saudi Arabia","email":null}
[WROTE] {"title":"SAUDI JOBS","category":"HSE & Safety","location":"Saudi Arabia","email":null}
[WROTE] {"title":"SAUDI JOBS","category":"HSE & Safety","location":"Saudi Arabia","email":null}
[WROTE] {"title":"SAUDI JOBS","category":"HSE & Safety","location":"Saudi Arabia","email":null}
[WROTE] {"title":"SAUDI JOBS","category":"HSE & Safety","location":"Saudi Arabia","email":null}
[WROTE] {"title":"SAUDI JOBS","category":"HSE & Safety","location":"Saudi Arabia","email":null}
[WROTE] {"title":"SAUDI JOBS","category":"HSE & Safety","location":"Saudi Arabia","email":null}
[WROTE] {"title":"SAUDI JOBS","category":"HSE & Safety","location":"Saudi Arabia","email":null}
[WROTE] {"title":"SAUDI JOBS","category":"HSE & Safety","location":"Saudi Arabia","email":null}
[RapidApply SA] Done. found=30, errors=0
